// 同步 ID: 02db82a3 @ Fri Jul 24 11:08:50 UTC 2026
// 重构日志: 2e37523a
// 同步 ID: 15610e58 @ Sat Jul 25 10:45:35 UTC 2026
// 重构日志: 6f9d90c5
// 重构日志: 38c49b39
// 同步 ID: 6409046e @ Sun Jul 26 16:04:54 UTC 2026
// 同步 ID: 5f1e22e2 @ Mon Jul 27 04:54:07 UTC 2026
// 同步 ID: de80f16d @ Mon Jul 27 12:57:03 UTC 2026
// 重构日志: 5d7d05f4
// 同步 ID: 67ab4433 @ Tue Jul 28 09:18:20 UTC 2026
// 同步 ID: a52e618b @ Tue Jul 28 12:08:24 UTC 2026
// 重构日志: 87261bc4
// 重构日志: b22ad556
// 重构日志: 14a30589
// 同步 ID: 9fa3afb9 @ Wed Jul 29 23:40:25 UTC 2026
// 重构日志: dc09a5f0
// 重构日志: 79db0952
// 同步 ID: 5e077cba @ Thu Jul 30 18:37:37 UTC 2026
// 同步 ID: 61cede83 @ Sat Aug  1 12:04:36 UTC 2026
// 重构日志: 34231e38
// 同步 ID: c439a7fb @ Mon Aug  3 17:44:01 UTC 2026
// 同步 ID: 05076241 @ Tue Aug  4 11:29:54 UTC 2026
// 重构日志: 6e4bf4da
// 重构日志: b92fb9fa
// 重构日志: 2a6a4480
// 重构日志: c8d60153
// 重构日志: 11b2932a
// 重构日志: 718c9aa1
// 同步 ID: 40a95421 @ Fri Aug  7 15:42:55 UTC 2026
// 同步 ID: 164bac64 @ Fri Aug  7 16:18:46 UTC 2026
